[{"priority":90,"change":{"message":"Extend _$NoExtends","edits":[{"fileStamp":0,"edits":[{"offset":242,"length":0,"replacement":" extends _$NoExtends"}]}],"linkedEditGroups":[]}},{"priority":90,"change":{"message":"Extend _$WrongExtends","edits":[{"fileStamp":0,"edits":[{"offset":345,"length":18,"replacement":"_$WrongExtends"}]}],"linkedEditGroups":[]}}]