[{"priority":90,"change":{"message":"Add ref parameter","edits":[{"fileStamp":0,"edits":[{"offset":146,"length":0,"replacement":"ReflessRef ref"}]}],"linkedEditGroups":[]}},{"priority":90,"change":{"message":"Type as NamelessRef","edits":[{"fileStamp":0,"edits":[{"offset":223,"length":0,"replacement":"NamelessRef "}]}],"linkedEditGroups":[]}},{"priority":90,"change":{"message":"Type as IncorrectlyTypedRef","edits":[{"fileStamp":0,"edits":[{"offset":313,"length":4,"replacement":"IncorrectlyTypedRef "}]}],"linkedEditGroups":[]}},{"priority":90,"change":{"message":"Type as NoGenericsRef<A, B>","edits":[{"fileStamp":0,"edits":[{"offset":519,"length":14,"replacement":"NoGenericsRef<A, B> "}]}],"linkedEditGroups":[]}},{"priority":90,"change":{"message":"Type as MissingGenericsRef<A, B>","edits":[{"fileStamp":0,"edits":[{"offset":611,"length":19,"replacement":"MissingGenericsRef<A, B> "}]}],"linkedEditGroups":[]}},{"priority":90,"change":{"message":"Type as WrongOrderRef<B, A>","edits":[{"fileStamp":0,"edits":[{"offset":703,"length":14,"replacement":"WrongOrderRef<B, A> "}]}],"linkedEditGroups":[]}}]