Message: `Convert to StatelessWidget`
<<<< start: 520 -- end: 523
Hoo
==== start: 520 -- end: 528
Stateles
>>>>
Message: `Convert to StatelessWidget`
<<<< start: 678 -- end: 809
HookConsumerWidget {
  const HookConsumer({super.key});

  @override
  Widget build(
    BuildContext context,
    WidgetRef ref,
 
==== start: 678 -- end: 783
StatelessWidget {
  const HookConsumer({super.key});

  @override
  Widget build(
    BuildContext contex
>>>>
Message: `Convert to StatelessWidget`
<<<< start: 1549 -- end: 1817
fulHookWidget {
  const HookStateful({super.key});

  @override
  State<HookStateful> createState() => HookStatefulState();
}

class HookStatefulState extends State<HookStateful> {
  @override
  Widget build(BuildContext context) {
    return const Placeholder();
  }

==== start: 1549 -- end: 1688
lessWidget {
  const HookStateful({super.key});

  
@override
  Widget build(BuildContext context) {
    return const Placeholder();
  }
}

>>>>
Message: `Convert to StatelessWidget`
<<<< start: 1851 -- end: 2166
ConsumerStatefulWidget {
  const ConsumerStateful({super.key});

  @override
  ConsumerState<ConsumerStateful> createState() => _ConsumerStatefulState();
}

class _ConsumerStatefulState extends ConsumerState<ConsumerStateful> {
  @override
  Widget build(BuildContext context) {
    return const Placeholder();
  }

==== start: 1851 -- end: 1999
StatelessWidget {
  const ConsumerStateful({super.key});

  
@override
  Widget build(BuildContext context) {
    return const Placeholder();
  }
}

>>>>
Message: `Convert to StatelessWidget`
<<<< start: 2209 -- end: 2549
fulHookConsumerWidget {
  const HookConsumerStateful({super.key});

  @override
  ConsumerState<HookConsumerStateful> createState() =>
      _HookConsumerStatefulState();
}

class _HookConsumerStatefulState extends ConsumerState<HookConsumerStateful> {
  @override
  Widget build(BuildContext context) {
    return const Placeholder();
  }

==== start: 2209 -- end: 2356
lessWidget {
  const HookConsumerStateful({super.key});

  
@override
  Widget build(BuildContext context) {
    return const Placeholder();
  }
}

>>>>
Message: `Convert to StatelessWidget`
<<<< start: 2575 -- end: 2698
ConsumerWidget {
  const Consumer({super.key});

  @override
  Widget build(
    BuildContext context,
    WidgetRef ref,
 
==== start: 2575 -- end: 2676
StatelessWidget {
  const Consumer({super.key});

  @override
  Widget build(
    BuildContext contex
>>>>
