Message: `Convert to StatefulHookWidget`
<<<< start: 173 -- end: 220
lessWidget {
  const Stateless({super.key});

 
==== start: 173 -- end: 340
fulHookWidget {
  const Stateless({super.key});

  @override
  State<Stateless> createState() => _StatelessState();
}

class _StatelessState extends State<Stateless> {
>>>>
Message: `Convert to StatefulHookWidget`
<<<< start: 347 -- end: 403
lessWidget {
  const StatelessWithComma({super.key});

 
==== start: 347 -- end: 559
fulHookWidget {
  const StatelessWithComma({super.key});

  @override
  State<StatelessWithComma> createState() => _StatelessWithCommaState();
}

class _StatelessWithCommaState extends State<StatelessWithComma> {
>>>>
Message: `Convert to StatefulHookWidget`
<<<< start: 520 -- end: 562
HookWidget {
  const Hook({super.key});

 
==== start: 520 -- end: 667
StatefulHookWidget {
  const Hook({super.key});

  @override
  State<Hook> createState() => _HookState();
}

class _HookState extends State<Hook> {
>>>>
Message: `Convert to StatefulHookWidget`
<<<< start: 678 -- end: 809
HookConsumerWidget {
  const HookConsumer({super.key});

  @override
  Widget build(
    BuildContext context,
    WidgetRef ref,
 
==== start: 678 -- end: 915
StatefulHookWidget {
  const HookConsumer({super.key});

  @override
  State<HookConsumer> createState() => _HookConsumerState();
}

class _HookConsumerState extends State<HookConsumer> {
@override
  Widget build(
    BuildContext contex
>>>>
Message: `Convert to StatefulHookWidget`
<<<< start: 884 -- end: 884
==== start: 884 -- end: 888
Hook
>>>>
Message: `Convert to StatefulHookWidget`
<<<< start: 1211 -- end: 1211
==== start: 1211 -- end: 1215
Hook
>>>>
Message: `Convert to StatefulHookWidget`
<<<< start: 1851 -- end: 2052
ConsumerStatefulWidget {
  const ConsumerStateful({super.key});

  @override
  ConsumerState<ConsumerStateful> createState() => _ConsumerStatefulState();
}

class _ConsumerStatefulState extends Consume
==== start: 1851 -- end: 2032
StatefulHookWidget {
  const ConsumerStateful({super.key});

  @override
  State<ConsumerStateful> createState() => _ConsumerStatefulState();
}

class _ConsumerStatefulState extends
>>>>
Message: `Convert to StatefulHookWidget`
<<<< start: 2216 -- end: 2431
ConsumerWidget {
  const HookConsumerStateful({super.key});

  @override
  ConsumerState<HookConsumerStateful> createState() =>
      _HookConsumerStatefulState();
}

class _HookConsumerStatefulState extends Consume
==== start: 2216 -- end: 2407
Widget {
  const HookConsumerStateful({super.key});

  @override
  State<HookConsumerStateful> createState() =>
      _HookConsumerStatefulState();
}

class _HookConsumerStatefulState extends
>>>>
Message: `Convert to StatefulHookWidget`
<<<< start: 2575 -- end: 2698
ConsumerWidget {
  const Consumer({super.key});

  @override
  Widget build(
    BuildContext context,
    WidgetRef ref,
 
==== start: 2575 -- end: 2792
StatefulHookWidget {
  const Consumer({super.key});

  @override
  State<Consumer> createState() => _ConsumerState();
}

class _ConsumerState extends State<Consumer> {
@override
  Widget build(
    BuildContext contex
>>>>
