Message: `Convert to ConsumerWidget`
<<<< start: 168 -- end: 265
StatelessWidget {
  const Stateless({super.key});

  @override
  Widget build(BuildContext contex
==== start: 168 -- end: 279
ConsumerWidget {
  const Stateless({super.key});

  @override
  Widget build(BuildContext context, WidgetRef re
>>>>
Message: `Convert to ConsumerWidget`
<<<< start: 342 -- end: 453
StatelessWidget {
  const StatelessWithComma({super.key});

  @override
  Widget build(
    BuildContext contex
==== start: 342 -- end: 467
ConsumerWidget {
  const StatelessWithComma({super.key});

  @override
  Widget build(
    BuildContext context, WidgetRef re
>>>>
Message: `Convert to ConsumerWidget`
<<<< start: 520 -- end: 607
HookWidget {
  const Hook({super.key});

  @override
  Widget build(BuildContext contex
==== start: 520 -- end: 626
ConsumerWidget {
  const Hook({super.key});

  @override
  Widget build(BuildContext context, WidgetRef re
>>>>
Message: `Convert to ConsumerWidget`
<<<< start: 678 -- end: 682
Hook
==== start: 678 -- end: 678
>>>>
Message: `Convert to ConsumerWidget`
<<<< start: 876 -- end: 1166
StatefulWidget {
  const Stateful({super.key});

  @override
  State<Stateful> createState() => _StatefulState();
}

class _StatefulState extends State<Stateful> {
  /// Hello world
  @override
  Widget build(BuildContext context) {
    // Some comments
    return const Placeholder();
  }

==== start: 876 -- end: 1069
ConsumerWidget {
  const Stateful({super.key});

  
/// Hello world
  @override
  Widget build(BuildContext context, WidgetRef ref) {
    // Some comments
    return const Placeholder();
  }
}

>>>>
Message: `Convert to ConsumerWidget`
<<<< start: 1203 -- end: 1514
StatefulWidget {
  const ExplicitCreateState({super.key});

  @override
  ExplicitCreateStateState createState() => ExplicitCreateStateState();
}

class ExplicitCreateStateState extends State<ExplicitCreateState> {
  @override
  Widget build(
    BuildContext context,
  ) {
    return const Placeholder();
  }

==== start: 1203 -- end: 1377
ConsumerWidget {
  const ExplicitCreateState({super.key});

  
@override
  Widget build(
    BuildContext context, WidgetRef ref,
  ) {
    return const Placeholder();
  }
}

>>>>
Message: `Convert to ConsumerWidget`
<<<< start: 1544 -- end: 1817
StatefulHookWidget {
  const HookStateful({super.key});

  @override
  State<HookStateful> createState() => HookStatefulState();
}

class HookStatefulState extends State<HookStateful> {
  @override
  Widget build(BuildContext context) {
    return const Placeholder();
  }

==== start: 1544 -- end: 1702
ConsumerWidget {
  const HookStateful({super.key});

  
@override
  Widget build(BuildContext context, WidgetRef ref) {
    return const Placeholder();
  }
}

>>>>
Message: `Convert to ConsumerWidget`
<<<< start: 1859 -- end: 2166
StatefulWidget {
  const ConsumerStateful({super.key});

  @override
  ConsumerState<ConsumerStateful> createState() => _ConsumerStatefulState();
}

class _ConsumerStatefulState extends ConsumerState<ConsumerStateful> {
  @override
  Widget build(BuildContext context) {
    return const Placeholder();
  }

==== start: 1859 -- end: 2013
Widget {
  const ConsumerStateful({super.key});

  
@override
  Widget build(BuildContext context, WidgetRef ref) {
    return const Placeholder();
  }
}

>>>>
Message: `Convert to ConsumerWidget`
<<<< start: 2204 -- end: 2549
StatefulHookConsumerWidget {
  const HookConsumerStateful({super.key});

  @override
  ConsumerState<HookConsumerStateful> createState() =>
      _HookConsumerStatefulState();
}

class _HookConsumerStatefulState extends ConsumerState<HookConsumerStateful> {
  @override
  Widget build(BuildContext context) {
    return const Placeholder();
  }

==== start: 2204 -- end: 2370
ConsumerWidget {
  const HookConsumerStateful({super.key});

  
@override
  Widget build(BuildContext context, WidgetRef ref) {
    return const Placeholder();
  }
}

>>>>
