Message: `Convert to HookConsumerWidget`
<<<< start: 168 -- end: 265
StatelessWidget {
  const Stateless({super.key});

  @override
  Widget build(BuildContext contex
==== start: 168 -- end: 283
HookConsumerWidget {
  const Stateless({super.key});

  @override
  Widget build(BuildContext context, WidgetRef re
>>>>
Message: `Convert to HookConsumerWidget`
<<<< start: 342 -- end: 453
StatelessWidget {
  const StatelessWithComma({super.key});

  @override
  Widget build(
    BuildContext contex
==== start: 342 -- end: 471
HookConsumerWidget {
  const StatelessWithComma({super.key});

  @override
  Widget build(
    BuildContext context, WidgetRef re
>>>>
Message: `Convert to HookConsumerWidget`
<<<< start: 524 -- end: 607
Widget {
  const Hook({super.key});

  @override
  Widget build(BuildContext contex
==== start: 524 -- end: 630
ConsumerWidget {
  const Hook({super.key});

  @override
  Widget build(BuildContext context, WidgetRef re
>>>>
Message: `Convert to HookConsumerWidget`
<<<< start: 876 -- end: 1166
StatefulWidget {
  const Stateful({super.key});

  @override
  State<Stateful> createState() => _StatefulState();
}

class _StatefulState extends State<Stateful> {
  /// Hello world
  @override
  Widget build(BuildContext context) {
    // Some comments
    return const Placeholder();
  }

==== start: 876 -- end: 1073
HookConsumerWidget {
  const Stateful({super.key});

  
/// Hello world
  @override
  Widget build(BuildContext context, WidgetRef ref) {
    // Some comments
    return const Placeholder();
  }
}

>>>>
Message: `Convert to HookConsumerWidget`
<<<< start: 1203 -- end: 1514
StatefulWidget {
  const ExplicitCreateState({super.key});

  @override
  ExplicitCreateStateState createState() => ExplicitCreateStateState();
}

class ExplicitCreateStateState extends State<ExplicitCreateState> {
  @override
  Widget build(
    BuildContext context,
  ) {
    return const Placeholder();
  }

==== start: 1203 -- end: 1381
HookConsumerWidget {
  const ExplicitCreateState({super.key});

  
@override
  Widget build(
    BuildContext context, WidgetRef ref,
  ) {
    return const Placeholder();
  }
}

>>>>
Message: `Convert to HookConsumerWidget`
<<<< start: 1544 -- end: 1817
StatefulHookWidget {
  const HookStateful({super.key});

  @override
  State<HookStateful> createState() => HookStatefulState();
}

class HookStatefulState extends State<HookStateful> {
  @override
  Widget build(BuildContext context) {
    return const Placeholder();
  }

==== start: 1544 -- end: 1706
HookConsumerWidget {
  const HookStateful({super.key});

  
@override
  Widget build(BuildContext context, WidgetRef ref) {
    return const Placeholder();
  }
}

>>>>
Message: `Convert to HookConsumerWidget`
<<<< start: 1851 -- end: 2166
ConsumerStatefulWidget {
  const ConsumerStateful({super.key});

  @override
  ConsumerState<ConsumerStateful> createState() => _ConsumerStatefulState();
}

class _ConsumerStatefulState extends ConsumerState<ConsumerStateful> {
  @override
  Widget build(BuildContext context) {
    return const Placeholder();
  }

==== start: 1851 -- end: 2017
HookConsumerWidget {
  const ConsumerStateful({super.key});

  
@override
  Widget build(BuildContext context, WidgetRef ref) {
    return const Placeholder();
  }
}

>>>>
Message: `Convert to HookConsumerWidget`
<<<< start: 2204 -- end: 2549
StatefulHookConsumerWidget {
  const HookConsumerStateful({super.key});

  @override
  ConsumerState<HookConsumerStateful> createState() =>
      _HookConsumerStatefulState();
}

class _HookConsumerStatefulState extends ConsumerState<HookConsumerStateful> {
  @override
  Widget build(BuildContext context) {
    return const Placeholder();
  }

==== start: 2204 -- end: 2374
HookConsumerWidget {
  const HookConsumerStateful({super.key});

  
@override
  Widget build(BuildContext context, WidgetRef ref) {
    return const Placeholder();
  }
}

>>>>
Message: `Convert to HookConsumerWidget`
<<<< start: 2575 -- end: 2575
==== start: 2575 -- end: 2579
Hook
>>>>
