Message: `Specify "dependencies"`
<<<< start: 267 -- end: 274
riverpo
==== start: 267 -- end: 295
Riverpod(dependencies: [dep]
>>>>
Message: `Specify "dependencies"`
<<<< start: 427 -- end: 427
==== start: 427 -- end: 448
, dependencies: [dep]
>>>>
Message: `Specify "dependencies"`
<<<< start: 586 -- end: 586
==== start: 586 -- end: 607
 dependencies: [dep],
>>>>
Message: `Update "dependencies"`
<<<< start: 805 -- end: 805
==== start: 805 -- end: 808
dep
>>>>
Message: `Update "dependencies"`
<<<< start: 977 -- end: 977
==== start: 977 -- end: 986
dep, dep2
>>>>
Message: `Update "dependencies"`
<<<< start: 1138 -- end: 1201

    // expect_lint: provider_dependencies
    dep,
    dep2,
 
==== start: 1138 -- end: 1141
dep
>>>>
Message: `Remove "dependencies"`
<<<< start: 1312 -- end: 1386
  dependencies: [
    // expect_lint: provider_dependencies
    dep,
  ],

==== start: 1312 -- end: 1312
>>>>
Message: `Remove "dependencies"`
<<<< start: 1442 -- end: 1516
dependencies: [
    // expect_lint: provider_dependencies
    dep,
  ],
  
==== start: 1442 -- end: 1442
>>>>
Message: `Remove "dependencies"`
<<<< start: 1628 -- end: 1712
Riverpod(
  dependencies: [
    // expect_lint: provider_dependencies
    dep,
  ],

==== start: 1628 -- end: 1635
riverpo
>>>>
Message: `Remove "dependencies"`
<<<< start: 1834 -- end: 1854
 dependencies: [dep]
==== start: 1834 -- end: 1834
>>>>
