name: codemod_riverpod_test_unified_syntax_golden
description: Test riverpod codemods
version: 0.0.1
publish_to: none

environment:
  sdk: ">=2.12.0-0 <3.0.0"

dependencies:
  flutter:
    sdk: flutter
  flutter_hooks:
  flutter_riverpod: ^1.0.0-dev.10
  hooks_riverpod: ^1.0.0-dev.10
  riverpod: ^1.0.0-dev.10