Message: `Wrap with Consumer`
<<<< start: 241 -- end: 279
Scaffold(
      body: Container(),
   
==== start: 241 -- end: 333
Consumer(builder: (context, ref, child) { return Scaffold(
      body: Container(),
    ); }
>>>>
Message: `Wrap with Consumer`
<<<< start: 266 -- end: 272
tainer
==== start: 266 -- end: 326
sumer(builder: (context, ref, child) { return Container(); }
>>>>
