Message: `Wrap with ProviderScope`
<<<< start: 241 -- end: 279
Scaffold(
      body: Container(),
   
==== start: 241 -- end: 302
ProviderScope(child: Scaffold(
      body: Container(),
    )
>>>>
Message: `Wrap with ProviderScope`
<<<< start: 263 -- end: 272
Container
==== start: 263 -- end: 295
ProviderScope(child: Container()
>>>>
