Message: `Extend _$NoExtends`
<<<< start: 229 -- end: 229
==== start: 229 -- end: 249
extends _$NoExtends 
>>>>
Message: `Extend _$WrongExtends`
<<<< start: 324 -- end: 341
AsyncNotifier<int
==== start: 324 -- end: 337
_$WrongExtend
>>>>
