Message: `Use "hasValue: true" instead`
<<<< start: 256 -- end: 256
==== start: 256 -- end: 271
, hasValue: tru
>>>>
Message: `Use "hasValue: true" instead`
<<<< start: 471 -- end: 471
==== start: 471 -- end: 486
, hasValue: tru
>>>>
