Message: `Convert to class-based provider`
<<<< start: 150 -- end: 182
int example(ExampleRef ref) => 0
==== start: 150 -- end: 216
class Example extends _$Example {
  @override
  int build() => 0;

>>>>
Message: `Convert to class-based provider`
<<<< start: 212 -- end: 316
int exampleFamily(ExampleFamilyRef ref, {required int a, String b = '42'}) {
  // Hello world
  return 0
==== start: 212 -- end: 348
class ExampleFamily extends _$ExampleFamily {
  @override
  int build({required int a, String b = '42'}) {
  // Hello world
  return 0;

>>>>
