Message: `Add build method`
<<<< start: 212 -- end: 212
==== start: 212 -- end: 310

  @override
  dynamic build() {
    // TODO: implement build
    throw UnimplementedError();
  }

>>>>
